#
# There is insufficient memory for the Java Runtime Environment to continue.
# Native memory allocation (mmap) failed to map 123731968 bytes. Error detail: G1 virtual space
# Possible reasons:
#   The system is out of physical RAM or swap space
#   This process is running with CompressedOops enabled, and the Java Heap may be blocking the growth of the native heap
# Possible solutions:
#   Reduce memory load on the system
#   Increase physical memory or swap space
#   Check if swap backing store is full
#   Decrease Java heap size (-Xmx/-Xms)
#   Decrease number of Java threads
#   Decrease Java thread stack sizes (-Xss)
#   Set larger code cache with -XX:ReservedCodeCacheSize=
#   JVM is running with Unscaled Compressed Oops mode in which the Java heap is
#     placed in the first 4GB address space. The Java Heap base address is the
#     maximum limit for the native heap growth. Please use -XX:HeapBaseMinAddress
#     to set the Java Heap base and to place the Java Heap above 4GB virtual address.
# This output file may be truncated or incomplete.
#
#  Out of Memory Error (os_windows.cpp:3576), pid=29868, tid=11444
#
# JRE version:  (25.0.4.1+1) (build )
# Java VM: OpenJDK 64-Bit Server VM (25.0.4.1+1-LTS, mixed mode, sharing, tiered, compressed oops, compressed class ptrs, g1 gc, windows-amd64)
# No core dump will be written. Minidumps are not enabled by default on client versions of Windows
#

---------------  S U M M A R Y ------------

Command Line: -Dnet.bytebuddy.agent.attacher.dump= net.bytebuddy.agent.Attacher com.sun.tools.attach.VirtualMachine 13852 C:\Users\senur\.m2\repository\net\bytebuddy\byte-buddy-agent\1.18.11\byte-buddy-agent-1.18.11.jar false 

Host: AMD Ryzen 5 5500U with Radeon Graphics         , 12 cores, 7G,  Windows 11 , 64 bit Build 26100 (10.0.26100.9549)
Time: Fri Oct  2 10:14:53 2026 Sri Lanka Standard Time elapsed time: 0.056064 seconds (0d 0h 0m 0s)

---------------  T H R E A D  ---------------

Current thread (0x000001dc6e700520):  JavaThread "Unknown thread" [_thread_in_vm, id=11444, stack(0x0000009820500000,0x0000009820600000) (1024K)]

Stack: [0x0000009820500000,0x0000009820600000]
Native frames: (J=compiled Java code, j=interpreted, Vv=VM code, C=native code)
V  [jvm.dll+0x7b2c99]  (no source info available)
V  [jvm.dll+0x77fb9d]  (no source info available)
V  [jvm.dll+0xa0463c]  (no source info available)
V  [jvm.dll+0xa06c1c]  (no source info available)
V  [jvm.dll+0xa07313]  (no source info available)
V  [jvm.dll+0x305546]  (no source info available)
V  [jvm.dll+0x7b2165]  (no source info available)
V  [jvm.dll+0x7a5347]  (no source info available)
V  [jvm.dll+0x3feaae]  (no source info available)
V  [jvm.dll+0x4068bb]  (no source info available)
V  [jvm.dll+0x3f2c19]  (no source info available)
V  [jvm.dll+0x3f2ecb]  (no source info available)
V  [jvm.dll+0x3c9ca3]  (no source info available)
V  [jvm.dll+0x3ca90e]  (no source info available)
V  [jvm.dll+0x9cb5a7]  (no source info available)
V  [jvm.dll+0x464112]  (no source info available)
V  [jvm.dll+0x9aeed9]  (no source info available)
V  [jvm.dll+0x5055f1]  (no source info available)
V  [jvm.dll+0x506eb1]  (no source info available)
C  [jli.dll+0x5426]  (no source info available)
C  [ucrtbase.dll+0x2cd30]  (no source info available)
C  [KERNEL32.DLL+0x2cdf7]  (no source info available)
C  [ntdll.dll+0x7ee4c]  (no source info available)

Lock stack of current Java thread (top to bottom):


---------------  P R O C E S S  ---------------

Threads class SMR info:
_java_thread_list=0x00007fffdc85f088, length=0, elements={
}

Java Threads: ( => current thread )
Total: 0

Other Threads:
  0x000001dc70ad67f0 WorkerThread "GC Thread#0"                     [id=41420, stack(0x0000009820600000,0x0000009820700000) (1024K)]
  0x000001dc70aed880 ConcurrentGCThread "G1 Main Marker"            [id=38244, stack(0x0000009820700000,0x0000009820800000) (1024K)]
  0x000001dc70aef310 WorkerThread "G1 Conc#0"                       [id=28504, stack(0x0000009820800000,0x0000009820900000) (1024K)]

[error occurred during error reporting (printing all threads), id 0xc0000005, EXCEPTION_ACCESS_VIOLATION (0xc0000005) at pc=0x00007fffdbe7ec6a]
VM state: not at safepoint (not fully initialized)

VM Mutex/Monitor currently owned by a thread:  ([mutex/lock_event])
[0x00007fffdc8e7aa8] Heap_lock - owner thread: 0x000001dc6e700520

Heap address: 0x000000008ac00000, size: 1876 MB, Compressed Oops mode: 32-bit

CDS archive(s) mapped at: [0x0000000000000000-0x0000000000000000-0x0000000000000000), size 0, SharedBaseAddress: 0x0000000800000000, ArchiveRelocationMode: 1.
UseCompressedClassPointers 1, UseCompactObjectHeaders 0
Narrow klass pointer bits 32, Max shift 3
Narrow klass base: 0xffffffffffffffff, Narrow klass shift: -1
Encoding Range: [0xffffffffffffffff - 0x000000007fffffff), (2147483648 bytes)
Klass Range:    [0x0000000000000000 - 0x0000000000000000), (0 bytes)
Klass ID Range:  [4294967295 - 0) (1)
No protection zone.

GC Precious Log:
 CardTable entry size: 512
 Card Set container configuration: InlinePtr #cards 5 size 8 Array Of Cards #cards 10 size 36 Howl #buckets 4 coarsen threshold 1843 Howl Bitmap #cards 512 size 80 coarsen threshold 460 Card regions per heap region 1 cards per card region 2048

Heap:
 garbage-first heap   total reserved 1921024K, committed 0K, used 0K [0x000000008ac00000, 0x0000000100000000)
  region size 1024K, 0 young (0K), 0 survivors (0K)

Heap Regions: E=young(eden), S=young(survivor), O=old, HS=humongous(starts), HC=humongous(continues), CS=collection set, F=free, TAMS=top-at-mark-start, PB=parsable bottom

Card table byte_map: [0x000001dc79e80000,0x000001dc7a230000] _byte_map_base: 0x000001dc79a2a000

Marking Bits: (CMBitMap*) 0x000001dc70ad6f80
 Bits: [0x000001dc7a230000, 0x000001dc7bf80000)

GC Heap Usage History (0 events):
No events

Metaspace Usage History (0 events):
No events

Dll operation events (2 events):
Event: 0.012 Attempting to load shared library C:\Users\senur\.jdks\ms-25.0.4.1\bin\java.dll
Event: 0.014 Loaded shared library C:\Users\senur\.jdks\ms-25.0.4.1\bin\java.dll

Deoptimization events (0 events):
No events

Classes loaded (0 events):
No events

Classes unloaded (0 events):
No events

Classes redefined (0 events):
No events

Internal exceptions (0 events):
No events

VM Operations (0 events):
No events

Memory protections (0 events):
No events

Nmethod flushes (0 events):
No events

Events (0 events):
No events


Dynamic libraries:
0x00007ff606dd0000 - 0x00007ff606dde000 	C:\Users\senur\.jdks\ms-25.0.4.1\bin\java.exe
0x00007ff8f72e0000 - 0x00007ff8f7547000 	C:\WINDOWS\SYSTEM32\ntdll.dll
0x00007ff8f5b60000 - 0x00007ff8f5c2b000 	C:\WINDOWS\System32\KERNEL32.DLL
0x00007ff8f47c0000 - 0x00007ff8f4bc1000 	C:\WINDOWS\System32\KERNELBASE.dll
0x00007ff8f44e0000 - 0x00007ff8f462c000 	C:\WINDOWS\System32\ucrtbase.dll
0x00007ff8cc1e0000 - 0x00007ff8cc1f7000 	C:\Users\senur\.jdks\ms-25.0.4.1\bin\jli.dll
0x00007ff8cc1c0000 - 0x00007ff8cc1de000 	C:\Users\senur\.jdks\ms-25.0.4.1\bin\VCRUNTIME140.dll
0x00007ff8f6680000 - 0x00007ff8f6857000 	C:\WINDOWS\System32\USER32.dll
0x00007ff8f4640000 - 0x00007ff8f4667000 	C:\WINDOWS\System32\win32u.dll
0x00007ff8d5ea0000 - 0x00007ff8d6130000 	C:\WINDOWS\WinSxS\amd64_microsoft.windows.common-controls_6595b64144ccf1df_6.0.26100.9549_none_3e0a0396e3330090\COMCTL32.dll
0x00007ff8f5e90000 - 0x00007ff8f5f39000 	C:\WINDOWS\System32\msvcrt.dll
0x00007ff8f6620000 - 0x00007ff8f664b000 	C:\WINDOWS\System32\GDI32.dll
0x00007ff8f4d60000 - 0x00007ff8f4e88000 	C:\WINDOWS\System32\gdi32full.dll
0x00007ff8f4f50000 - 0x00007ff8f4ff3000 	C:\WINDOWS\System32\msvcp_win.dll
0x00007ff8f5c30000 - 0x00007ff8f5c61000 	C:\WINDOWS\System32\IMM32.DLL
0x00007ff8e8040000 - 0x00007ff8e804c000 	C:\Users\senur\.jdks\ms-25.0.4.1\bin\vcruntime140_1.dll
0x00007ff8a4100000 - 0x00007ff8a4189000 	C:\Users\senur\.jdks\ms-25.0.4.1\bin\msvcp140.dll
0x00007fffdbaa0000 - 0x00007fffdc9d7000 	C:\Users\senur\.jdks\ms-25.0.4.1\bin\server\jvm.dll
0x00007ff8f63b0000 - 0x00007ff8f646b000 	C:\WINDOWS\System32\ADVAPI32.dll
0x00007ff8f7130000 - 0x00007ff8f71d8000 	C:\WINDOWS\System32\sechost.dll
0x00007ff8f7010000 - 0x00007ff8f7128000 	C:\WINDOWS\System32\RPCRT4.dll
0x00007ff8f6570000 - 0x00007ff8f65f1000 	C:\WINDOWS\System32\WS2_32.dll
0x00007ff8f4330000 - 0x00007ff8f438e000 	C:\WINDOWS\SYSTEM32\POWRPROF.dll
0x00007ff8ecaf0000 - 0x00007ff8ecb27000 	C:\WINDOWS\SYSTEM32\WINMM.dll
0x00007ff8ecb30000 - 0x00007ff8ecb3b000 	C:\WINDOWS\SYSTEM32\VERSION.dll
0x00007ff8f4310000 - 0x00007ff8f4325000 	C:\WINDOWS\SYSTEM32\UMPDC.dll
0x00007ff8f3180000 - 0x00007ff8f319b000 	C:\WINDOWS\SYSTEM32\kernel.appcore.dll
0x00007ff8d9c50000 - 0x00007ff8d9c5a000 	C:\Users\senur\.jdks\ms-25.0.4.1\bin\jimage.dll
0x00007ff8e8e90000 - 0x00007ff8e90dc000 	C:\WINDOWS\SYSTEM32\DBGHELP.DLL
0x00007ff8f5f40000 - 0x00007ff8f62ca000 	C:\WINDOWS\System32\combase.dll
0x00007ff8f62d0000 - 0x00007ff8f63a9000 	C:\WINDOWS\System32\OLEAUT32.dll
0x00007ff8d96d0000 - 0x00007ff8d970b000 	C:\WINDOWS\SYSTEM32\dbgcore.DLL
0x00007ff8f4e90000 - 0x00007ff8f4f3c000 	C:\WINDOWS\System32\bcryptPrimitives.dll
0x00007ff8cc1a0000 - 0x00007ff8cc1bf000 	C:\Users\senur\.jdks\ms-25.0.4.1\bin\java.dll
0x00007ff8f5cf0000 - 0x00007ff8f5e8a000 	C:\WINDOWS\System32\ole32.dll
0x00007ff8f6860000 - 0x00007ff8f6ffc000 	C:\WINDOWS\System32\SHELL32.dll

JVMTI agents: none

dbghelp: loaded successfully - version: 4.0.5 - missing functions: none
symbol engine: initialized successfully - sym options: 0x614 - pdb path: .;C:\Users\senur\.jdks\ms-25.0.4.1\bin;C:\WINDOWS\SYSTEM32;C:\WINDOWS\WinSxS\amd64_microsoft.windows.common-controls_6595b64144ccf1df_6.0.26100.9549_none_3e0a0396e3330090;C:\Users\senur\.jdks\ms-25.0.4.1\bin\server

VM Arguments:
jvm_args: -Dnet.bytebuddy.agent.attacher.dump= 
java_command: net.bytebuddy.agent.Attacher com.sun.tools.attach.VirtualMachine 13852 C:\Users\senur\.m2\repository\net\bytebuddy\byte-buddy-agent\1.18.11\byte-buddy-agent-1.18.11.jar false 
java_class_path (initial): C:\Users\senur\.m2\repository\net\bytebuddy\byte-buddy-agent\1.18.11\byte-buddy-agent-1.18.11.jar
Launcher Type: SUN_STANDARD

[Global flags]
     intx CICompilerCount                          = 4                                         {product} {ergonomic}
     uint ConcGCThreads                            = 3                                         {product} {ergonomic}
     uint G1ConcRefinementThreads                  = 10                                        {product} {ergonomic}
   size_t G1HeapRegionSize                         = 1048576                                   {product} {ergonomic}
   size_t InitialHeapSize                          = 123731968                                 {product} {ergonomic}
   size_t MarkStackSize                            = 4194304                                   {product} {ergonomic}
   size_t MarkStackSizeMax                         = 536870912                                 {product} {ergonomic}
   size_t MaxHeapSize                              = 1967128576                                {product} {ergonomic}
   size_t MinHeapDeltaBytes                        = 1048576                                   {product} {ergonomic}
   size_t MinHeapSize                              = 8388608                                   {product} {ergonomic}
    uintx NonNMethodCodeHeapSize                   = 5898240                                {pd product} {ergonomic}
    uintx NonProfiledCodeHeapSize                  = 122945536                              {pd product} {ergonomic}
    uintx ProfiledCodeHeapSize                     = 122945536                              {pd product} {ergonomic}
    uintx ReservedCodeCacheSize                    = 251789312                              {pd product} {ergonomic}
     bool SegmentedCodeCache                       = true                                      {product} {ergonomic}
   size_t SoftMaxHeapSize                          = 1967128576                             {manageable} {ergonomic}
     bool UseCompressedOops                        = true                           {product lp64_product} {ergonomic}
     bool UseG1GC                                  = true                                      {product} {ergonomic}
     bool UseLargePagesIndividualAllocation        = false                                  {pd product} {ergonomic}

Logging:
Log output configuration:
 #0: stdout all=warning uptime,level,tags foldmultilines=false
 #1: stderr all=off uptime,level,tags foldmultilines=false

Release file:
<release file has not been read>
Environment Variables:
PATH=C:\Program Files\Common Files\Oracle\Java\javapath;C:\WINDOWS\system32;C:\WINDOWS;C:\WINDOWS\System32\Wbem;C:\WINDOWS\System32\WindowsPowerShell\v1.0\;C:\WINDOWS\System32\OpenSSH\;C:\Program Files\dotnet\;C:\WINDOWS\system32;C:\WINDOWS;C:\WINDOWS\System32\Wbem;C:\WINDOWS\System32\WindowsPowerShell\v1.0\;C:\WINDOWS\System32\OpenSSH\;C:\Program Files\nodejs\;C:\Users\senur\AppData\Local\hermes\hermes-agent\venv\Scripts;C:\Users\senur\AppData\Local\hermes\bin;C:\Users\senur\AppData\Local\Programs\Python\Launcher\;C:\Users\senur\AppData\Local\Microsoft\WindowsApps;C:\Users\senur\AppData\Local\Programs\Microsoft VS Code\bin;C:\Users\senur\AppData\Roaming\npm;C:\Users\senur\AppData\Local\hermes\git\cmd;C:\Users\senur\AppData\Local\hermes\git\bin;C:\Users\senur\AppData\Local\hermes\git\usr\bin;C:\Users\senur\AppData\Local\Microsoft\WinGet\Packages\BurntSushi.ripgrep.MSVC_Microsoft.Winget.Source_8wekyb3d8bbwe\ripgrep-15.1.0-x86_64-pc-windows-msvc;C:\Users\senur\AppData\Local\Microsoft\WinGet\Packages\Gyan.FFmpeg_Microsoft.Winget.Source_8wekyb3d8bbwe\ffmpeg-8.1.2-full_build\bin;
USERNAME=senur
OS=Windows_NT
PROCESSOR_IDENTIFIER=AMD64 Family 23 Model 104 Stepping 1, AuthenticAMD
TMP=C:\Users\senur\AppData\Local\Temp
TEMP=C:\Users\senur\AppData\Local\Temp




Compilation memory statistics disabled.

Periodic native trim disabled

---------------  S Y S T E M  ---------------

OS:
 Windows 11 , 64 bit Build 26100 (10.0.26100.9549)
OS uptime: 8 days 2:10 hours
Hyper-V role detected

CPU: total 12 (initial active 12) (12 cores per cpu, 2 threads per core) family 23 model 104 stepping 1 microcode 0x8608109, cx8, cmov, fxsr, ht, mmx, 3dnowpref, sse, sse2, sse3, ssse3, sse4a, sse4.1, sse4.2, popcnt, lzcnt, tsc, tscinvbit, avx, avx2, aes, clmul, bmi1, bmi2, adx, sha, fma, vzeroupper, clflush, clflushopt, clwb, hv, rdtscp, rdpid, f16c
Processor Information for the first 12 processors :
  Max Mhz: 2100, Current Mhz: 2100, Mhz Limit: 2100

Memory: 4k page, system-wide physical 7501M (258M free)
TotalPageFile size 30029M (AvailPageFile size 99M)
current process WorkingSet (physical memory assigned to process): 14M, peak: 14M
current process commit charge ("private bytes"): 65M, peak: 182M

vm_info: OpenJDK 64-Bit Server VM (25.0.4.1+1-LTS) for windows-amd64 JRE (25.0.4.1+1-LTS), built on 2026-08-12T18:44:41Z with MS VC++ 17.14 (VS2022)

END.
